src/modules/duct-parser/index.ts(56,44): error TS2322: Type '"straight_round"' is not assignable to type 'DuctItemType'.
src/modules/duct-parser/index.ts(57,57): error TS2322: Type '"elbow_90"' is not assignable to type 'DuctItemType'.
src/modules/duct-parser/index.ts(58,57): error TS2322: Type '"tee"' is not assignable to type 'DuctItemType'.
src/modules/duct-parser/index.ts(59,62): error TS2322: Type '"mouth"' is not assignable to type 'DuctItemType'.
src/modules/duct-parser/index.ts(61,16): error TS2367: This comparison appears to be unintentional because the types 'DuctItemType' and '"straight_round"' have no overlap.
